******************************************************************************
                  TI ARM Linker PC v18.1.2                     
******************************************************************************
>> Linked Sat Feb  8 13:08:57 2020

OUTPUT FILE NAME:   <Clk_GPIO_Initialization.out>
ENTRY POINT SYMBOL: "_c_int00_noargs"  address: 00000465


MEMORY CONFIGURATION

         name            origin    length      used     unused   attr    fill
----------------------  --------  ---------  --------  --------  ----  --------
  FLASH                 00000000   00040000  000004f2  0003fb0e  R  X
  SRAM                  20000000   00008000  00000220  00007de0  RW X


SEGMENT ALLOCATION MAP

run origin  load origin   length   init length attrs members
----------  ----------- ---------- ----------- ----- -------
00000000    00000000    000004f4   000004f4    r-x
  00000000    00000000    0000026c   0000026c    r-- .intvecs
  0000026c    0000026c    00000252   00000252    r-x .text
  000004c0    000004c0    00000034   00000034    r-- .cinit
20000000    20000000    00000220   00000000    rw-
  20000000    20000000    00000200   00000000    rw- .stack
  20000200    20000200    00000020   00000000    rw- .data


SECTION ALLOCATION MAP

 output                                  attributes/
section   page    origin      length       input sections
--------  ----  ----------  ----------   ----------------
.intvecs   0    00000000    0000026c     
                  00000000    0000026c     tm4c123gh6pm_startup_ccs.obj (.intvecs)

.text      0    0000026c    00000252     
                  0000026c    000000b0     main.obj (.text)
                  0000031c    0000009c     rtsv7M4_T_le_v4SPD16_eabi.lib : memcpy_t2.asm.obj (.text)
                  000003b8    00000068                                   : copy_decompress_lzss.c.obj (.text:decompress:lzss:__TI_decompress_lzss)
                  00000420    00000044                                   : autoinit.c.obj (.text:__TI_auto_init_nobinit_nopinit:__TI_auto_init_nobinit_nopinit)
                  00000464    00000038                                   : boot_cortex_m.c.obj (.text:_c_int00_noargs:_c_int00_noargs)
                  0000049c    0000000e                                   : copy_decompress_none.c.obj (.text:decompress:none:__TI_decompress_none)
                  000004aa    0000000c     tm4c123gh6pm_startup_ccs.obj (.text)
                  000004b6    00000004     rtsv7M4_T_le_v4SPD16_eabi.lib : pre_init.c.obj (.text:_system_pre_init)
                  000004ba    00000004                                   : exit.c.obj (.text:abort:abort)

.cinit     0    000004c0    00000034     
                  000004c0    00000024     (.cinit..data.load) [load image, compression = lzss]
                  000004e4    00000008     (__TI_handler_table)
                  000004ec    00000008     (__TI_cinit_table)

.init_array 
*          0    00000000    00000000     UNINITIALIZED

.data      0    20000200    00000020     UNINITIALIZED
                  20000200    00000020     main.obj (.data)

.stack     0    20000000    00000200     UNINITIALIZED
                  20000000    00000004     rtsv7M4_T_le_v4SPD16_eabi.lib : boot_cortex_m.c.obj (.stack)
                  20000004    000001fc     --HOLE--

MODULE SUMMARY

       Module                         code   ro data   rw data
       ------                         ----   -------   -------
    .\
       tm4c123gh6pm_startup_ccs.obj   12     620       0      
       main.obj                       176    0         32     
    +--+------------------------------+------+---------+---------+
       Total:                         188    620       32     
                                                              
    C:\ti\ccs810\ccsv8\tools\compiler\ti-cgt-arm_18.1.2.LTS\lib\rtsv7M4_T_le_v4SPD16_eabi.lib
       memcpy_t2.asm.obj              156    0         0      
       copy_decompress_lzss.c.obj     104    0         0      
       autoinit.c.obj                 68     0         0      
       boot_cortex_m.c.obj            56     0         0      
       copy_decompress_none.c.obj     14     0         0      
       exit.c.obj                     4      0         0      
       pre_init.c.obj                 4      0         0      
    +--+------------------------------+------+---------+---------+
       Total:                         406    0         0      
                                                              
       Stack:                         0      0         512    
       Linker Generated:              0      52        0      
    +--+------------------------------+------+---------+---------+
       Grand Total:                   594    672       544    


LINKER GENERATED COPY TABLES

__TI_cinit_table @ 000004ec records: 1, size/record: 8, table size: 8
	.data: load addr=000004c0, load size=00000024 bytes, run addr=20000200, run size=00000020 bytes, compression=lzss


LINKER GENERATED HANDLER TABLE

__TI_handler_table @ 000004e4 records: 2, size/record: 4, table size: 8
	index: 0, handler: __TI_decompress_lzss
	index: 1, handler: __TI_decompress_none


GLOBAL SYMBOLS: SORTED ALPHABETICALLY BY Name 

address   name                          
-------   ----                          
000004bb  C$$EXIT                       
20000210  GPIOAFSEL_F                   
2000021c  GPIODATA_F1                   
20000218  GPIODEN_F                     
20000208  GPIODIRF                      
20000214  GPIODR8R_F                    
2000020c  GPIOHBCTL                     
20000200  RCC                           
20000204  RCGCGPIO                      
000004ab  ResetISR                      
20000200  __STACK_END                   
00000200  __STACK_SIZE                  
20000200  __STACK_TOP                   
000004ec  __TI_CINIT_Base               
000004f4  __TI_CINIT_Limit              
000004e4  __TI_Handler_Table_Base       
000004ec  __TI_Handler_Table_Limit      
00000421  __TI_auto_init_nobinit_nopinit
000003b9  __TI_decompress_lzss          
0000049d  __TI_decompress_none          
ffffffff  __TI_pprof_out_hndl           
ffffffff  __TI_prof_data_size           
ffffffff  __TI_prof_data_start          
00000000  __TI_static_base__            
0000031d  __aeabi_memcpy                
0000031d  __aeabi_memcpy4               
0000031d  __aeabi_memcpy8               
ffffffff  __binit__                     
ffffffff  __c_args__                    
UNDEFED   __mpu_init                    
20000000  __stack                       
00000465  _c_int00_noargs               
UNDEFED   _system_post_cinit            
000004b7  _system_pre_init              
000004bb  abort                         
ffffffff  binit                         
00000000  g_pfnVectors                  
0000026d  main                          
0000031d  memcpy                        


GLOBAL SYMBOLS: SORTED BY Symbol Address 

address   name                          
-------   ----                          
00000000  __TI_static_base__            
00000000  g_pfnVectors                  
00000200  __STACK_SIZE                  
0000026d  main                          
0000031d  __aeabi_memcpy                
0000031d  __aeabi_memcpy4               
0000031d  __aeabi_memcpy8               
0000031d  memcpy                        
000003b9  __TI_decompress_lzss          
00000421  __TI_auto_init_nobinit_nopinit
00000465  _c_int00_noargs               
0000049d  __TI_decompress_none          
000004ab  ResetISR                      
000004b7  _system_pre_init              
000004bb  C$$EXIT                       
000004bb  abort                         
000004e4  __TI_Handler_Table_Base       
000004ec  __TI_CINIT_Base               
000004ec  __TI_Handler_Table_Limit      
000004f4  __TI_CINIT_Limit              
20000000  __stack                       
20000200  RCC                           
20000200  __STACK_END                   
20000200  __STACK_TOP                   
20000204  RCGCGPIO                      
20000208  GPIODIRF                      
2000020c  GPIOHBCTL                     
20000210  GPIOAFSEL_F                   
20000214  GPIODR8R_F                    
20000218  GPIODEN_F                     
2000021c  GPIODATA_F1                   
ffffffff  __TI_pprof_out_hndl           
ffffffff  __TI_prof_data_size           
ffffffff  __TI_prof_data_start          
ffffffff  __binit__                     
ffffffff  __c_args__                    
ffffffff  binit                         
UNDEFED   __mpu_init                    
UNDEFED   _system_post_cinit            

[39 symbols]
